// 重构日志: 685cc6e5
// 同步 ID: c138282f @ Wed Jul  8 07:45:06 UTC 2026
// 重构日志: c0195845
// 重构日志: a5554d03
// 同步 ID: 7d3fd16c @ Thu Jul 16 07:02:55 UTC 2026
// 重构日志: e5d7d74b
// 重构日志: ee9e65c9
// 重构日志: 919204b2
// 同步 ID: ddd46eea @ Tue Jul 21 08:35:51 UTC 2026
// 重构日志: 6f9d7155
// 重构日志: 2c18dd1c
// 重构日志: 350ab40b
// 同步 ID: 19d81e72 @ Mon Jul 27 11:06:19 UTC 2026
// 重构日志: 776775ed
// 同步 ID: 015513ad @ Wed Jul 29 16:34:12 UTC 2026
// 重构日志: 6670fd71
// 同步 ID: 41a9c0d1 @ Thu Jul 30 13:04:25 UTC 2026
// 重构日志: 3f037271
// 重构日志: 5841033f
// 同步 ID: e21835ab @ Fri Jul 31 05:44:17 UTC 2026
// 同步 ID: 81f1f9a6 @ Fri Jul 31 18:00:03 UTC 2026
// 重构日志: 5ccf8ce2
// 同步 ID: 9d0be6c3 @ Sun Aug  2 05:17:08 UTC 2026
// 重构日志: 2f5cb155
// 重构日志: 772a1da1
// 重构日志: ffef0325
// 同步 ID: 26b0d088 @ Tue Aug  4 04:51:09 UTC 2026
// 重构日志: 0b769136
// 重构日志: bf2f900f
// 同步 ID: bc051f25 @ Thu Aug  6 07:28:38 UTC 2026
